
> compute-tycoon-h5-mvp@0.1.0 simulate:endgame
> tsx scripts/simulate-endgame.ts


=== CARD-00 终局模拟（倍率表 1/1.5/2/2.5 · 离线 3h/6h/8h · 1000 局/策略）===

--- offline_mixed（完成全流程 1000/1000，100.0%；离线封顶 0 局） ---
  R1首服: 中位 9分34秒 | p10 9分34秒 | p90 9分34秒
  R1迭代(核心1·累计终点): 中位 1小时17分 | p10 1小时17分 | p90 1小时17分
  R2时代工程(核心2·累计终点): 中位 2小时14分 | p10 2小时14分 | p90 2小时14分
  R3时代工程(核心3·累计终点): 中位 3小时3分 | p10 3小时3分 | p90 3小时3分
  R2时代工程独立投入(单阶段): 中位 53分59秒 | p10 53分59秒 | p90 53分59秒
  R3时代工程独立投入(单阶段): 中位 45分41秒 | p10 45分41秒 | p90 45分41秒
  Stage4首自费/二节点(单阶段): 中位 9分钟 | p10 9分钟 | p90 9分钟
  Stage4地月网(累计终点): 中位 4小时4分 | p10 4小时4分 | p90 4小时4分
  Stage5戴森球(累计终点): 中位 5小时40分 | p10 5小时40分 | p90 5小时40分
  总在线等效(累计): 中位 5小时40分 | p10 5小时40分 | p90 5小时40分
  日历跨度: 中位 8小时10分 | p10 8小时10分 | p90 8小时10分

=== 合同判定 ===

offline_mixed:
  R1=1小时17分 ❌目标外 | R2=57分34秒(75%) ✅65-85% | R3=48分55秒(85%) ✅65-85% | 压缩 ✅≤40%
  R3高潮门: R3时代工程投入=45分41秒（R2投入 53分59秒 的 85%） ✅80-85%
  Stage4=1小时1分 ❌ | Stage5=1小时35分 ❌ | S4首购门=9分钟 ✅8-15min
