
> compute-tycoon-h5-mvp@1.0.0-rc.1 simulate:endgame
> tsx scripts/simulate-endgame.ts


=== FINAL-RC 终局模拟（倍率表 1/1.5/2/2.5 · S4=360000 · S5=864000 · 离线 3h/6h/8h · 1000 局/策略）===

--- idle_offline（完成全流程 1000/1000，100.0%；离线封顶 0 局） ---
  R1首服: 中位 9分34秒 | p10 9分34秒 | p90 9分34秒
  R1迭代(核心1·累计终点): 中位 1小时19分 | p10 1小时19分 | p90 1小时19分
  R2时代工程(核心2·累计终点): 中位 2小时16分 | p10 2小时16分 | p90 2小时16分
  R3时代工程(核心3·累计终点): 中位 3小时5分 | p10 3小时5分 | p90 3小时5分
  R2时代工程独立投入(单阶段): 中位 53分59秒 | p10 53分59秒 | p90 53分59秒
  R3时代工程独立投入(单阶段): 中位 45分41秒 | p10 45分41秒 | p90 45分41秒
  Stage4首自费/二节点(单阶段): 中位 9分钟 | p10 9分钟 | p90 9分钟
  Stage4地月网(累计终点): 中位 4小时6分 | p10 4小时6分 | p90 4小时6分
  Stage5戴森球(累计终点): 中位 6小时7分 | p10 6小时7分 | p90 6小时7分
  总在线等效(累计): 中位 6小时7分 | p10 6小时7分 | p90 6小时7分
  日历跨度: 中位 20小时7分 | p10 20小时7分 | p90 20小时7分

=== 合同判定 ===

idle_offline:
  R1=1小时19分 ❌目标外 | R2=57分21秒(72%) ✅65-85% | R3=48分55秒(85%) ❌ | 压缩 ✅≤40%
  R3高潮门: R3时代工程投入=45分41秒（R2投入 53分59秒 的 85%） ✅80-85%
  Stage4=1小时1分 ❌ | Stage5=2小时1分 ❌ | S4首购门=9分钟 ✅8-15min
